Component: ARM Compiler 5.06 update 6 (build 750) Tool: armlink [4d35ed]

==============================================================================

Section Cross References

    clk.o(.text) refers to ics.o(.text) for ICS_Init
    bl_core.o(.text) refers to bl_core.o(i.__ARM_common_switch8) for __ARM_common_switch8
    bl_core.o(.text) refers to bl_core.o(.constdata) for .constdata
    bl_core.o(.text) refers to bl_core.o(.data) for .data
    bl_core.o(.text) refers to bl_core.o(.bss) for .bss
    bl_core.o(.text) refers to uart.o(.text) for Uart_SendChar
    bl_core.o(.text) refers to clk.o(.text) for init
    startup_skeaz1284.o(RESET) refers to startup_skeaz1284.o(STACK) for __initial_sp
    startup_skeaz1284.o(RESET) refers to startup_skeaz1284.o(.text) for Reset_Handler
    startup_skeaz1284.o(RESET) refers to bl_core.o(.text) for HardFault_Handler
    startup_skeaz1284.o(.text) refers to system_skeaz1284.o(.text) for SystemInit
    startup_skeaz1284.o(.text) refers to entry.o(.ARM.Collect$$$$00000000) for __main
    system_skeaz1284.o(.text) refers to uidiv.o(.text) for __aeabi_uidivmod
    system_skeaz1284.o(.text) refers to system_skeaz1284.o(.data) for .data
    entry.o(.ARM.Collect$$$$00000000) refers (Special) to entry10a.o(.ARM.Collect$$$$0000000D) for __rt_final_cpp
    entry.o(.ARM.Collect$$$$00000000) refers (Special) to entry11a.o(.ARM.Collect$$$$0000000F) for __rt_final_exit
    entry.o(.ARM.Collect$$$$00000000) refers (Special) to entry7b.o(.ARM.Collect$$$$00000008) for _main_clock
    entry.o(.ARM.Collect$$$$00000000) refers (Special) to entry8b.o(.ARM.Collect$$$$0000000A) for _main_cpp_init
    entry.o(.ARM.Collect$$$$00000000) refers (Special) to entry9a.o(.ARM.Collect$$$$0000000B) for _main_init
    entry.o(.ARM.Collect$$$$00000000) refers (Special) to entry5.o(.ARM.Collect$$$$00000004) for _main_scatterload
    entry.o(.ARM.Collect$$$$00000000) refers (Special) to entry2.o(.ARM.Collect$$$$00000001) for _main_stk
    entry2.o(.ARM.Collect$$$$00000001) refers to entry2.o(.ARM.Collect$$$$00002712) for __lit__00000000
    entry2.o(.ARM.Collect$$$$00002712) refers to startup_skeaz1284.o(STACK) for __initial_sp
    entry2.o(__vectab_stack_and_reset_area) refers to startup_skeaz1284.o(STACK) for __initial_sp
    entry2.o(__vectab_stack_and_reset_area) refers to entry.o(.ARM.Collect$$$$00000000) for __main
    entry5.o(.ARM.Collect$$$$00000004) refers to init.o(.text) for __scatterload
    entry9a.o(.ARM.Collect$$$$0000000B) refers to bl_core.o(.text) for main
    entry9b.o(.ARM.Collect$$$$0000000C) refers to bl_core.o(.text) for main
    init.o(.text) refers to entry5.o(.ARM.Collect$$$$00000004) for __main_after_scatterload


==============================================================================

Removing Unused input sections from the image.

    Removing clk.o(.rev16_text), (4 bytes).
    Removing clk.o(.revsh_text), (4 bytes).
    Removing uart.o(.rev16_text), (4 bytes).
    Removing uart.o(.revsh_text), (4 bytes).
    Removing uart.o(.data), (4 bytes).
    Removing bl_core.o(.rev16_text), (4 bytes).
    Removing bl_core.o(.revsh_text), (4 bytes).
    Removing bl_core.o(.constdata), (4 bytes).
    Removing bl_core.o(.data), (4 bytes).
    Removing bl_core.o(.data), (4 bytes).
    Removing bl_core.o(.data), (1 bytes).
    Removing bl_core.o(.data), (4 bytes).
    Removing ics.o(.rev16_text), (4 bytes).
    Removing ics.o(.revsh_text), (4 bytes).
    Removing startup_skeaz1284.o(HEAP), (0 bytes).
    Removing system_skeaz1284.o(.rev16_text), (4 bytes).
    Removing system_skeaz1284.o(.revsh_text), (4 bytes).

17 unused section(s) (total 61 bytes) removed from the image.

==============================================================================

Image Symbol Table

    Local Symbols

    Symbol Name                              Value     Ov Type        Size  Object(Section)

    RESET                                    0x00000000   Section      192  startup_skeaz1284.o(RESET)
    ../clib/microlib/division.c              0x00000000   Number         0  uidiv.o ABSOLUTE
    ../clib/microlib/init/entry.s            0x00000000   Number         0  entry.o ABSOLUTE
    ../clib/microlib/init/entry.s            0x00000000   Number         0  entry11b.o ABSOLUTE
    ../clib/microlib/init/entry.s            0x00000000   Number         0  entry11a.o ABSOLUTE
    ../clib/microlib/init/entry.s            0x00000000   Number         0  entry10a.o ABSOLUTE
    ../clib/microlib/init/entry.s            0x00000000   Number         0  entry9b.o ABSOLUTE
    ../clib/microlib/init/entry.s            0x00000000   Number         0  entry9a.o ABSOLUTE
    ../clib/microlib/init/entry.s            0x00000000   Number         0  entry8b.o ABSOLUTE
    ../clib/microlib/init/entry.s            0x00000000   Number         0  entry8a.o ABSOLUTE
    ../clib/microlib/init/entry.s            0x00000000   Number         0  entry10b.o ABSOLUTE
    ../clib/microlib/init/entry.s            0x00000000   Number         0  entry7b.o ABSOLUTE
    ../clib/microlib/init/entry.s            0x00000000   Number         0  entry7a.o ABSOLUTE
    ../clib/microlib/init/entry.s            0x00000000   Number         0  entry5.o ABSOLUTE
    ../clib/microlib/init/entry.s            0x00000000   Number         0  entry2.o ABSOLUTE
    RTE\Device\SKEAZ128xxx4\startup_SKEAZ1284.s 0x00000000   Number         0  startup_skeaz1284.o ABSOLUTE
    RTE\Device\SKEAZ128xxx4\system_SKEAZ1284.c 0x00000000   Number         0  system_skeaz1284.o ABSOLUTE
    RTE\\Device\\SKEAZ128xxx4\\system_SKEAZ1284.c 0x00000000   Number         0  system_skeaz1284.o ABSOLUTE
    Sources\CLK.c                            0x00000000   Number         0  clk.o ABSOLUTE
    Sources\UART.c                           0x00000000   Number         0  uart.o ABSOLUTE
    Sources\\CLK.c                           0x00000000   Number         0  clk.o ABSOLUTE
    Sources\\UART.c                          0x00000000   Number         0  uart.o ABSOLUTE
    Sources\\bl_core.c                       0x00000000   Number         0  bl_core.o ABSOLUTE
    Sources\\ics.c                           0x00000000   Number         0  ics.o ABSOLUTE
    Sources\bl_core.c                        0x00000000   Number         0  bl_core.o ABSOLUTE
    Sources\ics.c                            0x00000000   Number         0  ics.o ABSOLUTE
    dc.s                                     0x00000000   Number         0  dc.o ABSOLUTE
    handlers.s                               0x00000000   Number         0  handlers.o ABSOLUTE
    init.s                                   0x00000000   Number         0  init.o ABSOLUTE
    .ARM.Collect$$$$00000000                 0x000000c0   Section        0  entry.o(.ARM.Collect$$$$00000000)
    .ARM.Collect$$$$00000001                 0x000000c0   Section        4  entry2.o(.ARM.Collect$$$$00000001)
    .ARM.Collect$$$$00000004                 0x000000c4   Section        4  entry5.o(.ARM.Collect$$$$00000004)
    .ARM.Collect$$$$00000008                 0x000000c8   Section        0  entry7b.o(.ARM.Collect$$$$00000008)
    .ARM.Collect$$$$0000000A                 0x000000c8   Section        0  entry8b.o(.ARM.Collect$$$$0000000A)
    .ARM.Collect$$$$0000000B                 0x000000c8   Section        8  entry9a.o(.ARM.Collect$$$$0000000B)
    .ARM.Collect$$$$0000000D                 0x000000d0   Section        0  entry10a.o(.ARM.Collect$$$$0000000D)
    .ARM.Collect$$$$0000000F                 0x000000d0   Section        0  entry11a.o(.ARM.Collect$$$$0000000F)
    .ARM.Collect$$$$00002712                 0x000000d0   Section        4  entry2.o(.ARM.Collect$$$$00002712)
    __lit__00000000                          0x000000d0   Data           4  entry2.o(.ARM.Collect$$$$00002712)
    .text                                    0x000000d4   Section        0  clk.o(.text)
    .text                                    0x00000118   Section        0  uart.o(.text)
    .text                                    0x00000168   Section       40  startup_skeaz1284.o(.text)
    .text                                    0x00000190   Section        0  system_skeaz1284.o(.text)
    .text                                    0x00000258   Section        0  uidiv.o(.text)
    .text                                    0x00000284   Section       36  init.o(.text)
    i.__ARM_common_switch8                   0x000002a8   Section        0  bl_core.o(i.__ARM_common_switch8)
    i.__scatterload_copy                     0x000002c2   Section       14  handlers.o(i.__scatterload_copy)
    i.__scatterload_null                     0x000002d0   Section        2  handlers.o(i.__scatterload_null)
    i.__scatterload_zeroinit                 0x000002d2   Section       14  handlers.o(i.__scatterload_zeroinit)
    .ARM.__at_0x400                          0x00000400   Section       16  startup_skeaz1284.o(.ARM.__at_0x400)
    .text                                    0x00000410   Section        0  bl_core.o(.text)
    serial_packet_read                       0x00000583   Thumb Code  1186  bl_core.o(.text)
    __NVIC_SystemReset                       0x00000c93   Thumb Code    18  bl_core.o(.text)
    bl_hw_if_write                           0x00000ca5   Thumb Code    22  bl_core.o(.text)
    XOR_Operation                            0x00000cbb   Thumb Code    26  bl_core.o(.text)
    handle_data_phase                        0x00000cd5   Thumb Code    70  bl_core.o(.text)
    flash_program                            0x00000d1b   Thumb Code   152  bl_core.o(.text)
    .text                                    0x00000dd0   Section        0  ics.o(.text)
    ICS_SetBusDivider                        0x0000126d   Thumb Code    18  ics.o(.text)
    OSC_Disable                              0x0000127f   Thumb Code    12  ics.o(.text)
    .constdata                               0x00001298   Section     1038  bl_core.o(.constdata)
    crc_tab                                  0x00001298   Data        1024  bl_core.o(.constdata)
    .data                                    0x1ffff000   Section       40  bl_core.o(.data)
    s_packetState                            0x1ffff004   Data           4  bl_core.o(.data)
    s_stackPointer                           0x1ffff008   Data           4  bl_core.o(.data)
    s_applicationEntry                       0x1ffff00c   Data           4  bl_core.o(.data)
    s_application                            0x1ffff010   Data           4  bl_core.o(.data)
    .data                                    0x1ffff028   Section        4  system_skeaz1284.o(.data)
    .bss                                     0x1ffff02c   Section     4284  bl_core.o(.bss)
    receive_buffer                           0x1ffff02c   Data        4129  bl_core.o(.bss)
    s_flash_ram_function                     0x20000050   Data          32  bl_core.o(.bss)
    Grid_ProgrameStart_Packet                0x20000070   Data          22  bl_core.o(.bss)
    Grid_SoftwareStart_Packet                0x20000086   Data          19  bl_core.o(.bss)
    Grid_Response_Packet                     0x20000099   Data          19  bl_core.o(.bss)
    Grid_4096_Code_Packet                    0x200000ac   Data          33  bl_core.o(.bss)
    bl_ctx                                   0x200000d0   Data          24  bl_core.o(.bss)
    STACK                                    0x200000e8   Section      256  startup_skeaz1284.o(STACK)

    Global Symbols

    Symbol Name                              Value     Ov Type        Size  Object(Section)

    BuildAttributes$$THM_ISAv3M$S$PE$A:L22$X:L11$S22$IEEE1$IW$USESV6$~STKCKD$USESV7$~SHL$OSPACE$EBA8$MICROLIB$REQ8$PRES8$EABIv2 0x00000000   Number         0  anon$$obj.o ABSOLUTE
    __ARM_use_no_argv                        0x00000000   Number         0  bl_core.o ABSOLUTE
    __Vectors                                0x00000000   Data           4  startup_skeaz1284.o(RESET)
    __cpp_initialize__aeabi_                  - Undefined Weak Reference
    __cxa_finalize                            - Undefined Weak Reference
    __decompress                              - Undefined Weak Reference
    _clock_init                               - Undefined Weak Reference
    _microlib_exit                            - Undefined Weak Reference
    __Vectors_End                            0x000000c0   Data           0  startup_skeaz1284.o(RESET)
    __Vectors_Size                           0x000000c0   Number         0  startup_skeaz1284.o ABSOLUTE
    __main                                   0x000000c1   Thumb Code     0  entry.o(.ARM.Collect$$$$00000000)
    _main_stk                                0x000000c1   Thumb Code     0  entry2.o(.ARM.Collect$$$$00000001)
    _main_scatterload                        0x000000c5   Thumb Code     0  entry5.o(.ARM.Collect$$$$00000004)
    __main_after_scatterload                 0x000000c9   Thumb Code     0  entry5.o(.ARM.Collect$$$$00000004)
    _main_clock                              0x000000c9   Thumb Code     0  entry7b.o(.ARM.Collect$$$$00000008)
    _main_cpp_init                           0x000000c9   Thumb Code     0  entry8b.o(.ARM.Collect$$$$0000000A)
    _main_init                               0x000000c9   Thumb Code     0  entry9a.o(.ARM.Collect$$$$0000000B)
    __rt_final_cpp                           0x000000d1   Thumb Code     0  entry10a.o(.ARM.Collect$$$$0000000D)
    __rt_final_exit                          0x000000d1   Thumb Code     0  entry11a.o(.ARM.Collect$$$$0000000F)
    Clk_Init                                 0x000000d5   Thumb Code    38  clk.o(.text)
    init                                     0x000000fb   Thumb Code    26  clk.o(.text)
    UART_Init                                0x00000119   Thumb Code    42  uart.o(.text)
    Uart_SendChar                            0x00000143   Thumb Code    14  uart.o(.text)
    Uart_GetChar                             0x00000151   Thumb Code    14  uart.o(.text)
    init_data_bss                            0x00000169   Thumb Code     2  startup_skeaz1284.o(.text)
    Reset_Handler                            0x0000016b   Thumb Code    12  startup_skeaz1284.o(.text)
    NMI_Handler                              0x00000177   Thumb Code     2  startup_skeaz1284.o(.text)
    SVC_Handler                              0x0000017b   Thumb Code     2  startup_skeaz1284.o(.text)
    PendSV_Handler                           0x0000017d   Thumb Code     2  startup_skeaz1284.o(.text)
    SysTick_Handler                          0x0000017f   Thumb Code     2  startup_skeaz1284.o(.text)
    ACMP0_IRQHandler                         0x00000181   Thumb Code     0  startup_skeaz1284.o(.text)
    ACMP1_IRQHandler                         0x00000181   Thumb Code     0  startup_skeaz1284.o(.text)
    ADC0_IRQHandler                          0x00000181   Thumb Code     0  startup_skeaz1284.o(.text)
    DefaultISR                               0x00000181   Thumb Code     0  startup_skeaz1284.o(.text)
    FTM0_IRQHandler                          0x00000181   Thumb Code     0  startup_skeaz1284.o(.text)
    FTM1_IRQHandler                          0x00000181   Thumb Code     0  startup_skeaz1284.o(.text)
    FTM2_IRQHandler                          0x00000181   Thumb Code     0  startup_skeaz1284.o(.text)
    FTMRE_IRQHandler                         0x00000181   Thumb Code     0  startup_skeaz1284.o(.text)
    I2C0_IRQHandler                          0x00000181   Thumb Code     0  startup_skeaz1284.o(.text)
    I2C1_IRQHandler                          0x00000181   Thumb Code     0  startup_skeaz1284.o(.text)
    ICS_IRQHandler                           0x00000181   Thumb Code     0  startup_skeaz1284.o(.text)
    IRQ_IRQHandler                           0x00000181   Thumb Code     0  startup_skeaz1284.o(.text)
    KBI0_IRQHandler                          0x00000181   Thumb Code     0  startup_skeaz1284.o(.text)
    KBI1_IRQHandler                          0x00000181   Thumb Code     0  startup_skeaz1284.o(.text)
    LVD_LVW_IRQHandler                       0x00000181   Thumb Code     0  startup_skeaz1284.o(.text)
    MSCAN_RX_IRQHandler                      0x00000181   Thumb Code     0  startup_skeaz1284.o(.text)
    MSCAN_TX_IRQHandler                      0x00000181   Thumb Code     0  startup_skeaz1284.o(.text)
    PIT_CH0_IRQHandler                       0x00000181   Thumb Code     0  startup_skeaz1284.o(.text)
    PIT_CH1_IRQHandler                       0x00000181   Thumb Code     0  startup_skeaz1284.o(.text)
    PWT_IRQHandler                           0x00000181   Thumb Code     0  startup_skeaz1284.o(.text)
    RTC_IRQHandler                           0x00000181   Thumb Code     0  startup_skeaz1284.o(.text)
    Reserved16_IRQHandler                    0x00000181   Thumb Code     0  startup_skeaz1284.o(.text)
    Reserved17_IRQHandler                    0x00000181   Thumb Code     0  startup_skeaz1284.o(.text)
    Reserved18_IRQHandler                    0x00000181   Thumb Code     0  startup_skeaz1284.o(.text)
    Reserved19_IRQHandler                    0x00000181   Thumb Code     0  startup_skeaz1284.o(.text)
    Reserved20_IRQHandler                    0x00000181   Thumb Code     0  startup_skeaz1284.o(.text)
    Reserved42_IRQHandler                    0x00000181   Thumb Code     0  startup_skeaz1284.o(.text)
    SPI0_IRQHandler                          0x00000181   Thumb Code     0  startup_skeaz1284.o(.text)
    SPI1_IRQHandler                          0x00000181   Thumb Code     0  startup_skeaz1284.o(.text)
    UART0_IRQHandler                         0x00000181   Thumb Code     0  startup_skeaz1284.o(.text)
    UART1_IRQHandler                         0x00000181   Thumb Code     0  startup_skeaz1284.o(.text)
    UART2_IRQHandler                         0x00000181   Thumb Code     0  startup_skeaz1284.o(.text)
    Watchdog_IRQHandler                      0x00000181   Thumb Code     0  startup_skeaz1284.o(.text)
    SystemInit                               0x00000191   Thumb Code    64  system_skeaz1284.o(.text)
    SystemCoreClockUpdate                    0x000001d1   Thumb Code   102  system_skeaz1284.o(.text)
    __aeabi_uidiv                            0x00000259   Thumb Code     0  uidiv.o(.text)
    __aeabi_uidivmod                         0x00000259   Thumb Code    44  uidiv.o(.text)
    __scatterload                            0x00000285   Thumb Code    28  init.o(.text)
    __scatterload_rt2                        0x00000285   Thumb Code     0  init.o(.text)
    __ARM_common_switch8                     0x000002a9   Thumb Code    26  bl_core.o(i.__ARM_common_switch8)
    __scatterload_copy                       0x000002c3   Thumb Code    14  handlers.o(i.__scatterload_copy)
    __scatterload_null                       0x000002d1   Thumb Code     2  handlers.o(i.__scatterload_null)
    __scatterload_zeroinit                   0x000002d3   Thumb Code    14  handlers.o(i.__scatterload_zeroinit)
    Region$$Table$$Base                      0x000002e0   Number         0  anon$$obj.o(Region$$Table)
    Region$$Table$$Limit                     0x00000300   Number         0  anon$$obj.o(Region$$Table)
    FLASH_LaunchCMD                          0x00000411   Thumb Code    18  bl_core.o(.text)
    FLASH_EraseSector                        0x00000423   Thumb Code    96  bl_core.o(.text)
    FLASH_EraseVerifySection                 0x00000483   Thumb Code    94  bl_core.o(.text)
    crc16_update                             0x000004e1   Thumb Code    44  bl_core.o(.text)
    csp_crc32_memory                         0x0000050d   Thumb Code    46  bl_core.o(.text)
    flash_command_sequence                   0x0000053b   Thumb Code    52  bl_core.o(.text)
    is_valid_memory_range                    0x0000056f   Thumb Code    20  bl_core.o(.text)
    Uart_Interrupt                           0x00000a25   Thumb Code     8  bl_core.o(.text)
    GPIO_PTI6_Init                           0x00000a2d   Thumb Code    18  bl_core.o(.text)
    Read_PTI6                                0x00000a3f   Thumb Code    10  bl_core.o(.text)
    bootloader_run                           0x00000a49   Thumb Code   252  bl_core.o(.text)
    main                                     0x00000b45   Thumb Code   330  bl_core.o(.text)
    HardFault_Handler                        0x00000c8f   Thumb Code     4  bl_core.o(.text)
    FEI_factory_to_FEI_custom                0x00000dd1   Thumb Code    58  ics.o(.text)
    ICS_SetOscDivider                        0x00000e0b   Thumb Code    74  ics.o(.text)
    OSC_Init                                 0x00000e55   Thumb Code    60  ics.o(.text)
    FEI_to_FEE                               0x00000e91   Thumb Code    66  ics.o(.text)
    FEI_to_FBI                               0x00000ed3   Thumb Code    60  ics.o(.text)
    FEI_to_FBE                               0x00000f0f   Thumb Code    82  ics.o(.text)
    FEE_to_FEI                               0x00000f61   Thumb Code    58  ics.o(.text)
    FEE_to_FBI                               0x00000f9b   Thumb Code    72  ics.o(.text)
    FEE_to_FBE                               0x00000fe3   Thumb Code    60  ics.o(.text)
    FBI_to_FBE                               0x0000101f   Thumb Code    66  ics.o(.text)
    FBI_to_FEE                               0x00001061   Thumb Code    82  ics.o(.text)
    FBI_to_FBILP                             0x000010b3   Thumb Code    12  ics.o(.text)
    FBI_to_FEI                               0x000010bf   Thumb Code    62  ics.o(.text)
    FBE_to_FBI                               0x000010fd   Thumb Code    64  ics.o(.text)
    FBE_to_FEE                               0x0000113d   Thumb Code    56  ics.o(.text)
    FBE_to_FEI                               0x00001175   Thumb Code    88  ics.o(.text)
    FBE_to_FBELP                             0x000011cd   Thumb Code    12  ics.o(.text)
    FBELP_to_FBE                             0x000011d9   Thumb Code    12  ics.o(.text)
    FBILP_to_FBI                             0x000011e5   Thumb Code    12  ics.o(.text)
    ICS_Trim                                 0x000011f1   Thumb Code    26  ics.o(.text)
    ICS_Init                                 0x0000120b   Thumb Code    90  ics.o(.text)
    OSC_DeInit                               0x00001265   Thumb Code     8  ics.o(.text)
    s_flash_command_run                      0x00001698   Data          14  bl_core.o(.constdata)
    sum                                      0x1ffff000   Data           1  bl_core.o(.data)
    Packet_Length                            0x1ffff002   Data           2  bl_core.o(.data)
    s_flash_run_entry                        0x1ffff014   Data           4  bl_core.o(.data)
    s_stateCnt                               0x1ffff018   Data           4  bl_core.o(.data)
    crcvalue                                 0x1ffff01c   Data           4  bl_core.o(.data)
    grid_startaddress                        0x1ffff020   Data           4  bl_core.o(.data)
    grid_endaddress                          0x1ffff024   Data           4  bl_core.o(.data)
    SystemCoreClock                          0x1ffff028   Data           4  system_skeaz1284.o(.data)
    __initial_sp                             0x200001e8   Data           0  startup_skeaz1284.o(STACK)



==============================================================================

Memory Map of the image

  Image Entry point : 0x000000c1

  Load Region LR_IROM1 (Base: 0x00000000, Size: 0x000016d4, Max: 0x00020000, ABSOLUTE)

    Execution Region ER_IROM1 (Exec base: 0x00000000, Load base: 0x00000000, Size: 0x000016a8, Max: 0x00020000, ABSOLUTE)

    Exec Addr    Load Addr    Size         Type   Attr      Idx    E Section Name        Object

    0x00000000   0x00000000   0x000000c0   Data   RO          166    RESET               startup_skeaz1284.o
    0x000000c0   0x000000c0   0x00000000   Code   RO          200  * .ARM.Collect$$$$00000000  mc_p.l(entry.o)
    0x000000c0   0x000000c0   0x00000004   Code   RO          205    .ARM.Collect$$$$00000001  mc_p.l(entry2.o)
    0x000000c4   0x000000c4   0x00000004   Code   RO          208    .ARM.Collect$$$$00000004  mc_p.l(entry5.o)
    0x000000c8   0x000000c8   0x00000000   Code   RO          210    .ARM.Collect$$$$00000008  mc_p.l(entry7b.o)
    0x000000c8   0x000000c8   0x00000000   Code   RO          212    .ARM.Collect$$$$0000000A  mc_p.l(entry8b.o)
    0x000000c8   0x000000c8   0x00000008   Code   RO          213    .ARM.Collect$$$$0000000B  mc_p.l(entry9a.o)
    0x000000d0   0x000000d0   0x00000000   Code   RO          215    .ARM.Collect$$$$0000000D  mc_p.l(entry10a.o)
    0x000000d0   0x000000d0   0x00000000   Code   RO          217    .ARM.Collect$$$$0000000F  mc_p.l(entry11a.o)
    0x000000d0   0x000000d0   0x00000004   Code   RO          206    .ARM.Collect$$$$00002712  mc_p.l(entry2.o)
    0x000000d4   0x000000d4   0x00000044   Code   RO            3    .text               clk.o
    0x00000118   0x00000118   0x00000050   Code   RO           60    .text               uart.o
    0x00000168   0x00000168   0x00000028   Code   RO          168    .text               startup_skeaz1284.o
    0x00000190   0x00000190   0x000000c8   Code   RO          176    .text               system_skeaz1284.o
    0x00000258   0x00000258   0x0000002c   Code   RO          203    .text               mc_p.l(uidiv.o)
    0x00000284   0x00000284   0x00000024   Code   RO          219    .text               mc_p.l(init.o)
    0x000002a8   0x000002a8   0x0000001a   Code   RO          114    i.__ARM_common_switch8  bl_core.o
    0x000002c2   0x000002c2   0x0000000e   Code   RO          223    i.__scatterload_copy  mc_p.l(handlers.o)
    0x000002d0   0x000002d0   0x00000002   Code   RO          224    i.__scatterload_null  mc_p.l(handlers.o)
    0x000002d2   0x000002d2   0x0000000e   Code   RO          225    i.__scatterload_zeroinit  mc_p.l(handlers.o)
    0x000002e0   0x000002e0   0x00000020   Data   RO          221    Region$$Table       anon$$obj.o
    0x00000300   0x00000300   0x00000100   PAD
    0x00000400   0x00000400   0x00000010   Code   RO          167    .ARM.__at_0x400     startup_skeaz1284.o
    0x00000410   0x00000410   0x000009c0   Code   RO           89    .text               bl_core.o
    0x00000dd0   0x00000dd0   0x000004c8   Code   RO          143    .text               ics.o
    0x00001298   0x00001298   0x0000040e   Data   RO           91    .constdata          bl_core.o


    Execution Region RW_IRAM1 (Exec base: 0x1ffff000, Load base: 0x000016a8, Size: 0x000011e8, Max: 0x00004000, ABSOLUTE)

    Exec Addr    Load Addr    Size         Type   Attr      Idx    E Section Name        Object

    0x1ffff000   0x000016a8   0x00000028   Data   RW           95    .data               bl_core.o
    0x1ffff028   0x000016d0   0x00000004   Data   RW          177    .data               system_skeaz1284.o
    0x1ffff02c        -       0x000010bc   Zero   RW           90    .bss                bl_core.o
    0x200000e8        -       0x00000100   Zero   RW          164    STACK               startup_skeaz1284.o


==============================================================================

Image component sizes


      Code (inc. data)   RO Data    RW Data    ZI Data      Debug   Object Name

      2522        110       1038         40       4284      25412   bl_core.o
        68          4          0          0          0     110168   clk.o
      1224         34          0          0          0       6544   ics.o
        56         30        192          0        256        948   startup_skeaz1284.o
       200         34          0          4          0       1141   system_skeaz1284.o
        80         10          0          0          0        743   uart.o

    ----------------------------------------------------------------------
      4150        222       1520         44       4540     144956   Object Totals
         0          0         32          0          0          0   (incl. Generated)
         0          0        258          0          0          0   (incl. Padding)

    ----------------------------------------------------------------------

      Code (inc. data)   RO Data    RW Data    ZI Data      Debug   Library Member Name

         0          0          0          0          0          0   entry.o
         0          0          0          0          0          0   entry10a.o
         0          0          0          0          0          0   entry11a.o
         8          4          0          0          0          0   entry2.o
         4          0          0          0          0          0   entry5.o
         0          0          0          0          0          0   entry7b.o
         0          0          0          0          0          0   entry8b.o
         8          4          0          0          0          0   entry9a.o
        30          0          0          0          0          0   handlers.o
        36          8          0          0          0         68   init.o
        44          0          0          0          0         72   uidiv.o

    ----------------------------------------------------------------------
       130         16          0          0          0        140   Library Totals
         0          0          0          0          0          0   (incl. Padding)

    ----------------------------------------------------------------------

      Code (inc. data)   RO Data    RW Data    ZI Data      Debug   Library Name

       130         16          0          0          0        140   mc_p.l

    ----------------------------------------------------------------------
       130         16          0          0          0        140   Library Totals

    ----------------------------------------------------------------------

==============================================================================


      Code (inc. data)   RO Data    RW Data    ZI Data      Debug   

      4280        238       1520         44       4540     144720   Grand Totals
      4280        238       1520         44       4540     144720   ELF Image Totals
      4280        238       1520         44          0          0   ROM Totals

==============================================================================

    Total RO  Size (Code + RO Data)                 5800 (   5.66kB)
    Total RW  Size (RW Data + ZI Data)              4584 (   4.48kB)
    Total ROM Size (Code + RO Data + RW Data)       5844 (   5.71kB)

==============================================================================

