<html>
<body>
<pre>
<h1>µVision Build Log</h1>
<h2>Tool Versions:</h2>
IDE-Version: ¦ÌVision V5.25.2.0
Copyright (C) 2018 ARM Ltd and ARM Germany GmbH. All rights reserved.
License Information: 0 0, 0, LIC=CZLTG-VG35E-EUK4R-KQB40-VQY63-FS0M0
 
Tool Versions:
Toolchain:       MDK-ARM Plus  Version: 5.25.2.0
Toolchain Path:  D:\Keil_v5\ARM\ARMCC\Bin
C Compiler:      Armcc.exe V5.06 update 6 (build 750)
Assembler:       Armasm.exe V5.06 update 6 (build 750)
Linker/Locator:  ArmLink.exe V5.06 update 6 (build 750)
Library Manager: ArmAr.exe V5.06 update 6 (build 750)
Hex Converter:   FromElf.exe V5.06 update 6 (build 750)
CPU DLL:         SARMCM3.DLL V5.25.2.0
Dialog DLL:      DARMCM1.DLL V1.19.1.0
Target DLL:      Segger\JL2CM3.dll V2.99.29.0
Dialog DLL:      TARMCM1.DLL V1.14.0.0
 
<h2>Project:</h2>
D:\GRID\20210318_regular_test_grid04\grid bootloader coed by cyp 20180919\TRK-KEA128_Lab1.uvprojx
Project File Date:  05/14/2021

<h2>Output:</h2>
*** Using Compiler 'V5.06 update 6 (build 750)', folder: 'D:\Keil_v5\ARM\ARMCC\Bin'
Rebuild target 'TRK-KEA128_Lab1'
compiling CLK.c...
.\Headers\CLK.h(52): warning:  #1295-D: Deprecated declaration init - give arg types
  void init();
Sources\CLK.c(75): warning:  #1-D: last line of file ends without a newline
  }
Sources\CLK.c: 2 warnings, 0 errors
compiling UART.c...
compiling bl_core.c...
.\Headers\CLK.h(52): warning:  #1295-D: Deprecated declaration init - give arg types
  void init();
Sources\bl_core.c(278): warning:  #1295-D: Deprecated declaration serial_packet_read - give arg types
  static status_t serial_packet_read();
Sources\bl_core.c(757): warning:  #111-D: statement is unreachable
  					break;
Sources\bl_core.c(799): warning:  #223-D: function "handle_write_memory" declared implicitly
  																			handle_write_memory();
Sources\bl_core.c(800): warning:  #223-D: function "handle_data_phase" declared implicitly
  																			status = handle_data_phase(&hasMoreData,&receive_buffer[24]);
Sources\bl_core.c(966): warning:  #111-D: statement is unreachable
  					break;
Sources\bl_core.c(554): warning:  #177-D: variable "value_sum"  was declared but never referenced
  	uint8_t value_sum = 0;
Sources\bl_core.c(476): warning:  #177-D: function "is_application_valid"  was declared but never referenced
  static bool is_application_valid(uint32_t sp, uint32_t pc)
Sources\bl_core.c(1281): warning:  #177-D: function "handle_flash_erase_region"  was declared but never referenced
  static status_t handle_flash_erase_region(void)
Sources\bl_core.c: 9 warnings, 0 errors
assembling startup_SKEAZ1284.s...
compiling ics.c...
compiling system_SKEAZ1284.c...
linking...
Program Size: Code=4280 RO-data=1520 RW-data=44 ZI-data=4540  
".\TRK-KEA128_Lab1.axf" - 0 Error(s), 11 Warning(s).

<h2>Software Packages used:</h2>

Package Vendor: ARM
                http://www.keil.com/pack/ARM.CMSIS.5.3.0.pack
                ARM.CMSIS.5.3.0
                CMSIS (Cortex Microcontroller Software Interface Standard)
   * Component: CORE Version: 5.1.1

Package Vendor: Keil
                http://www.keil.com/pack/Keil.Kinetis_KEAxx_DFP.1.3.0.pack
                Keil.Kinetis_KEAxx_DFP.1.3.0
                NXP Kinetis KEAxx Series Device Support and Examples
   * Component: Startup Version: 1.0.0

<h2>Collection of Component include folders:</h2>
  .\RTE\_TRK-KEA128_Lab1
  D:\Keil_v5\ARM\PACK\ARM\CMSIS\5.3.0\CMSIS\Include
  D:\Keil_v5\ARM\PACK\Keil\Kinetis_KEAxx_DFP\1.3.0\Device\Include

<h2>Collection of Component Files used:</h2>

   * Component: ARM::CMSIS:CORE:5.1.1

   * Component: Keil::Device:Startup:1.0.0
      Source file:   Device\Source\ARM\startup_SKEAZ1284.s
      Source file:   Device\Source\system_SKEAZ1284.c
Build Time Elapsed:  00:00:08
</pre>
</body>
</html>
